[ {
  "termsOfService" : "http://localhost:8000",
  "agreeToTerms" : "$expected"
} ]